/*C4*/SET SCHEMA PUBLIC
DISCONNECT
/*C5*/SET SCHEMA PUBLIC
DELETE FROM CUSTOMER WHERE NUMBER=11
INSERT INTO CUSTOMER VALUES(11,'Tymothy Earley','Colorado Springs','CO','9732 Summer Ridge Way',80915)
COMMIT
DELETE FROM CUSTOMER WHERE NUMBER=12
INSERT INTO CUSTOMER VALUES(12,'Hector Bownes','Denver','CO','8 Roxbury Plaza',80241)
COMMIT
DELETE FROM CUSTOMER WHERE NUMBER=13
INSERT INTO CUSTOMER VALUES(13,'Oona Cornely','Denver','CO','2 5th Road',80291)
COMMIT
DELETE FROM CUSTOMER WHERE NUMBER=14
INSERT INTO CUSTOMER VALUES(14,'Elna Ellar','Colorado','CO','22130 Judy Park',80305)
COMMIT
INSERT INTO COMMERCIALDOCUMENT VALUES('Invoice','4028cb00946ac3f001946aca796e0000','2025-01-15',1,'',2025,11,NULL,1280.18,222.18,21,1,FALSE,NULL,FALSE)
INSERT INTO COMMERCIALDOCUMENT_DETAILS VALUES('4028cb00946ac3f001946aca796e0000',1,1,399.00)
INSERT INTO COMMERCIALDOCUMENT_DETAILS VALUES('4028cb00946ac3f001946aca796e0000',2,1,599.00)
INSERT INTO COMMERCIALDOCUMENT_DETAILS VALUES('4028cb00946ac3f001946aca796e0000',3,3,20.00)
COMMIT
INSERT INTO COMMERCIALDOCUMENT VALUES('Invoice','4028cb00946ac3f001946acab6350001','2025-01-15',2,'',2025,12,NULL,5965.30,1035.30,21,1,FALSE,NULL,FALSE)
INSERT INTO COMMERCIALDOCUMENT_DETAILS VALUES('4028cb00946ac3f001946acab6350001',6,2,1200.00)
INSERT INTO COMMERCIALDOCUMENT_DETAILS VALUES('4028cb00946ac3f001946acab6350001',7,2,1250.00)
INSERT INTO COMMERCIALDOCUMENT_DETAILS VALUES('4028cb00946ac3f001946acab6350001',8,1,30.00)
COMMIT
INSERT INTO COMMERCIALDOCUMENT VALUES('Invoice','4028cb00946ac3f001946acafcd40002','2025-01-15',3,'',2025,12,NULL,8704.74,1510.74,21,1,FALSE,NULL,FALSE)
INSERT INTO COMMERCIALDOCUMENT_DETAILS VALUES('4028cb00946ac3f001946acafcd40002',4,4,999.00)
INSERT INTO COMMERCIALDOCUMENT_DETAILS VALUES('4028cb00946ac3f001946acafcd40002',5,2,999.00)
INSERT INTO COMMERCIALDOCUMENT_DETAILS VALUES('4028cb00946ac3f001946acafcd40002',6,1,1200.00)
COMMIT
INSERT INTO COMMERCIALDOCUMENT VALUES('Invoice','4028cb00946ac3f001946acb30010003','2025-01-15',4,'',2025,12,NULL,122.21,21.21,21,1,FALSE,NULL,FALSE)
INSERT INTO COMMERCIALDOCUMENT_DETAILS VALUES('4028cb00946ac3f001946acb30010003',11,2,17.00)
INSERT INTO COMMERCIALDOCUMENT_DETAILS VALUES('4028cb00946ac3f001946acb30010003',12,2,24.00)
INSERT INTO COMMERCIALDOCUMENT_DETAILS VALUES('4028cb00946ac3f001946acb30010003',14,1,19.00)
COMMIT
INSERT INTO COMMERCIALDOCUMENT VALUES('Invoice','4028cb00946ac3f001946acb73940004','2025-01-15',5,'',2025,12,NULL,335.17,58.17,21,1,FALSE,NULL,FALSE)
INSERT INTO COMMERCIALDOCUMENT_DETAILS VALUES('4028cb00946ac3f001946acb73940004',8,1,30.00)
INSERT INTO COMMERCIALDOCUMENT_DETAILS VALUES('4028cb00946ac3f001946acb73940004',9,1,49.00)
INSERT INTO COMMERCIALDOCUMENT_DETAILS VALUES('4028cb00946ac3f001946acb73940004',10,2,99.00)
COMMIT
INSERT INTO COMMERCIALDOCUMENT VALUES('Invoice','4028cb00946ac3f001946acbd1dd0005','2025-01-15',6,'',2025,13,NULL,5808.00,1008.00,21,1,FALSE,NULL,FALSE)
INSERT INTO COMMERCIALDOCUMENT_DETAILS VALUES('4028cb00946ac3f001946acbd1dd0005',6,4,1200.00)
COMMIT
INSERT INTO COMMERCIALDOCUMENT VALUES('Invoice','4028cb00946ac3f001946acc0edd0006','2025-01-15',7,'',2025,14,NULL,44.77,7.77,21,1,FALSE,NULL,FALSE)
INSERT INTO COMMERCIALDOCUMENT_DETAILS VALUES('4028cb00946ac3f001946acc0edd0006',21,1,9.00)
INSERT INTO COMMERCIALDOCUMENT_DETAILS VALUES('4028cb00946ac3f001946acc0edd0006',22,1,9.00)
INSERT INTO COMMERCIALDOCUMENT_DETAILS VALUES('4028cb00946ac3f001946acc0edd0006',23,1,19.00)
COMMIT
DELETE FROM COMMERCIALDOCUMENT WHERE OID='4028cb00946ac3f001946acc0edd0006'
INSERT INTO COMMERCIALDOCUMENT VALUES('Invoice','4028cb00946ac3f001946acc0edd0006','2024-01-15',7,'',2024,14,NULL,44.77,7.77,21,1,FALSE,NULL,FALSE)
DELETE FROM COMMERCIALDOCUMENT_DETAILS WHERE COMMERCIALDOCUMENT_OID='4028cb00946ac3f001946acc0edd0006' AND PRODUCT_NUMBER=21 AND QUANTITY=1 AND PRICEPERUNIT=9.00
DELETE FROM COMMERCIALDOCUMENT_DETAILS WHERE COMMERCIALDOCUMENT_OID='4028cb00946ac3f001946acc0edd0006' AND PRODUCT_NUMBER=22 AND QUANTITY=1 AND PRICEPERUNIT=9.00
DELETE FROM COMMERCIALDOCUMENT_DETAILS WHERE COMMERCIALDOCUMENT_OID='4028cb00946ac3f001946acc0edd0006' AND PRODUCT_NUMBER=23 AND QUANTITY=1 AND PRICEPERUNIT=19.00
INSERT INTO COMMERCIALDOCUMENT_DETAILS VALUES('4028cb00946ac3f001946acc0edd0006',21,1,9.00)
INSERT INTO COMMERCIALDOCUMENT_DETAILS VALUES('4028cb00946ac3f001946acc0edd0006',22,1,9.00)
INSERT INTO COMMERCIALDOCUMENT_DETAILS VALUES('4028cb00946ac3f001946acc0edd0006',23,1,19.00)
COMMIT
DELETE FROM COMMERCIALDOCUMENT WHERE OID='4028cb00946ac3f001946aca796e0000'
INSERT INTO COMMERCIALDOCUMENT VALUES('Invoice','4028cb00946ac3f001946aca796e0000','2024-01-15',1,'',2024,11,NULL,1280.18,222.18,21,1,FALSE,NULL,FALSE)
DELETE FROM COMMERCIALDOCUMENT_DETAILS WHERE COMMERCIALDOCUMENT_OID='4028cb00946ac3f001946aca796e0000' AND PRODUCT_NUMBER=1 AND QUANTITY=1 AND PRICEPERUNIT=399.00
DELETE FROM COMMERCIALDOCUMENT_DETAILS WHERE COMMERCIALDOCUMENT_OID='4028cb00946ac3f001946aca796e0000' AND PRODUCT_NUMBER=2 AND QUANTITY=1 AND PRICEPERUNIT=599.00
DELETE FROM COMMERCIALDOCUMENT_DETAILS WHERE COMMERCIALDOCUMENT_OID='4028cb00946ac3f001946aca796e0000' AND PRODUCT_NUMBER=3 AND QUANTITY=3 AND PRICEPERUNIT=20.00
INSERT INTO COMMERCIALDOCUMENT_DETAILS VALUES('4028cb00946ac3f001946aca796e0000',1,1,399.00)
INSERT INTO COMMERCIALDOCUMENT_DETAILS VALUES('4028cb00946ac3f001946aca796e0000',2,1,599.00)
INSERT INTO COMMERCIALDOCUMENT_DETAILS VALUES('4028cb00946ac3f001946aca796e0000',3,3,20.00)
COMMIT
DELETE FROM COMMERCIALDOCUMENT WHERE OID='4028cb00946ac3f001946aca796e0000'
INSERT INTO COMMERCIALDOCUMENT VALUES('Invoice','4028cb00946ac3f001946aca796e0000','2024-01-15',1,'',2024,11,NULL,1280.18,222.18,21,1,FALSE,NULL,TRUE)
DELETE FROM COMMERCIALDOCUMENT WHERE OID='4028cb00946ac3f001946acab6350001'
INSERT INTO COMMERCIALDOCUMENT VALUES('Invoice','4028cb00946ac3f001946acab6350001','2025-01-15',2,'',2025,12,NULL,5965.30,1035.30,21,1,FALSE,NULL,TRUE)
DELETE FROM COMMERCIALDOCUMENT WHERE OID='4028cb00946ac3f001946acafcd40002'
INSERT INTO COMMERCIALDOCUMENT VALUES('Invoice','4028cb00946ac3f001946acafcd40002','2025-01-15',3,'',2025,12,NULL,8704.74,1510.74,21,1,FALSE,NULL,TRUE)
DELETE FROM COMMERCIALDOCUMENT WHERE OID='4028cb00946ac3f001946acb30010003'
INSERT INTO COMMERCIALDOCUMENT VALUES('Invoice','4028cb00946ac3f001946acb30010003','2025-01-15',4,'',2025,12,NULL,122.21,21.21,21,1,FALSE,NULL,TRUE)
DELETE FROM COMMERCIALDOCUMENT WHERE OID='4028cb00946ac3f001946acb73940004'
INSERT INTO COMMERCIALDOCUMENT VALUES('Invoice','4028cb00946ac3f001946acb73940004','2025-01-15',5,'',2025,12,NULL,335.17,58.17,21,1,FALSE,NULL,TRUE)
DELETE FROM COMMERCIALDOCUMENT WHERE OID='4028cb00946ac3f001946acbd1dd0005'
INSERT INTO COMMERCIALDOCUMENT VALUES('Invoice','4028cb00946ac3f001946acbd1dd0005','2025-01-15',6,'',2025,13,NULL,5808.00,1008.00,21,1,FALSE,NULL,TRUE)
COMMIT
DELETE FROM COMMERCIALDOCUMENT WHERE OID='4028cb00946ac3f001946acc0edd0006'
INSERT INTO COMMERCIALDOCUMENT VALUES('Invoice','4028cb00946ac3f001946acc0edd0006','2024-01-15',7,'',2024,14,NULL,44.77,7.77,21,1,FALSE,NULL,TRUE)
COMMIT
INSERT INTO COMMERCIALDOCUMENT VALUES('Invoice','4028cb00946ac3f001946acd94cf0007','2024-01-15',12,'',2024,11,NULL,1280.18,222.18,21,1,FALSE,NULL,FALSE)
INSERT INTO COMMERCIALDOCUMENT_DETAILS VALUES('4028cb00946ac3f001946acd94cf0007',1,1,399.00)
INSERT INTO COMMERCIALDOCUMENT_DETAILS VALUES('4028cb00946ac3f001946acd94cf0007',2,1,599.00)
INSERT INTO COMMERCIALDOCUMENT_DETAILS VALUES('4028cb00946ac3f001946acd94cf0007',3,3,20.00)
COMMIT
INSERT INTO COMMERCIALDOCUMENT VALUES('Invoice','4028cb00946ac3f001946acddc890008','2024-01-15',13,'',2024,12,NULL,10156.74,1762.74,21,1,FALSE,NULL,FALSE)
INSERT INTO COMMERCIALDOCUMENT_DETAILS VALUES('4028cb00946ac3f001946acddc890008',4,4,999.00)
INSERT INTO COMMERCIALDOCUMENT_DETAILS VALUES('4028cb00946ac3f001946acddc890008',5,2,999.00)
INSERT INTO COMMERCIALDOCUMENT_DETAILS VALUES('4028cb00946ac3f001946acddc890008',6,2,1200.00)
COMMIT
INSERT INTO COMMERCIALDOCUMENT VALUES('Invoice','4028cb00946ac3f001946ad306740009','2025-01-15',7,'',2025,12,NULL,1727.88,299.88,21,1,FALSE,NULL,FALSE)
INSERT INTO COMMERCIALDOCUMENT_DETAILS VALUES('4028cb00946ac3f001946ad306740009',7,1,1250.00)
INSERT INTO COMMERCIALDOCUMENT_DETAILS VALUES('4028cb00946ac3f001946ad306740009',8,1,30.00)
INSERT INTO COMMERCIALDOCUMENT_DETAILS VALUES('4028cb00946ac3f001946ad306740009',9,1,49.00)
INSERT INTO COMMERCIALDOCUMENT_DETAILS VALUES('4028cb00946ac3f001946ad306740009',10,1,99.00)
COMMIT
INSERT INTO COMMERCIALDOCUMENT VALUES('Invoice','4028cb00946ac3f001946ad37c83000a','2025-01-15',8,'',2025,13,NULL,1990.45,345.45,21,1,FALSE,NULL,FALSE)
INSERT INTO COMMERCIALDOCUMENT_DETAILS VALUES('4028cb00946ac3f001946ad37c83000a',21,1,9.00)
INSERT INTO COMMERCIALDOCUMENT_DETAILS VALUES('4028cb00946ac3f001946ad37c83000a',22,1,9.00)
INSERT INTO COMMERCIALDOCUMENT_DETAILS VALUES('4028cb00946ac3f001946ad37c83000a',20,1,29.00)
INSERT INTO COMMERCIALDOCUMENT_DETAILS VALUES('4028cb00946ac3f001946ad37c83000a',19,1,299.00)
INSERT INTO COMMERCIALDOCUMENT_DETAILS VALUES('4028cb00946ac3f001946ad37c83000a',18,1,49.00)
INSERT INTO COMMERCIALDOCUMENT_DETAILS VALUES('4028cb00946ac3f001946ad37c83000a',7,1,1250.00)
COMMIT
INSERT INTO COMMERCIALDOCUMENT VALUES('Invoice','4028cb00946ac3f001946ad3e9ca000b','2024-01-15',14,'',2024,12,NULL,90.75,15.75,21,1,FALSE,NULL,FALSE)
INSERT INTO COMMERCIALDOCUMENT_DETAILS VALUES('4028cb00946ac3f001946ad3e9ca000b',27,1,9.00)
INSERT INTO COMMERCIALDOCUMENT_DETAILS VALUES('4028cb00946ac3f001946ad3e9ca000b',28,1,19.00)
INSERT INTO COMMERCIALDOCUMENT_DETAILS VALUES('4028cb00946ac3f001946ad3e9ca000b',29,1,9.00)
INSERT INTO COMMERCIALDOCUMENT_DETAILS VALUES('4028cb00946ac3f001946ad3e9ca000b',30,1,19.00)
INSERT INTO COMMERCIALDOCUMENT_DETAILS VALUES('4028cb00946ac3f001946ad3e9ca000b',24,1,19.00)
COMMIT
DELETE FROM COMMERCIALDOCUMENT WHERE OID='4028cb00946ac3f001946ad37c83000a'
INSERT INTO COMMERCIALDOCUMENT VALUES('Invoice','4028cb00946ac3f001946ad37c83000a','2025-01-15',8,'',2025,13,NULL,1990.45,345.45,21,1,FALSE,NULL,TRUE)
COMMIT
DELETE FROM COMMERCIALDOCUMENT WHERE OID='4028cb00946ac3f001946ad306740009'
INSERT INTO COMMERCIALDOCUMENT VALUES('Invoice','4028cb00946ac3f001946ad306740009','2025-01-15',7,'',2025,12,NULL,1727.88,299.88,21,1,FALSE,NULL,TRUE)
COMMIT
INSERT INTO COMMERCIALDOCUMENT VALUES('Invoice','4028cb00946ac3f001946ad45260000c','2024-01-15',15,'',2024,13,NULL,179.08,31.08,21,1,FALSE,NULL,FALSE)
INSERT INTO COMMERCIALDOCUMENT_DETAILS VALUES('4028cb00946ac3f001946ad45260000c',14,1,19.00)
INSERT INTO COMMERCIALDOCUMENT_DETAILS VALUES('4028cb00946ac3f001946ad45260000c',15,2,60.00)
INSERT INTO COMMERCIALDOCUMENT_DETAILS VALUES('4028cb00946ac3f001946ad45260000c',16,1,9.00)
COMMIT
INSERT INTO COMMERCIALDOCUMENT VALUES('Invoice','4028cb00946ac3f001946ad48e6c000d','2024-01-15',16,'',2024,14,NULL,1944.47,337.47,21,1,FALSE,NULL,FALSE)
INSERT INTO COMMERCIALDOCUMENT_DETAILS VALUES('4028cb00946ac3f001946ad48e6c000d',17,1,9.00)
INSERT INTO COMMERCIALDOCUMENT_DETAILS VALUES('4028cb00946ac3f001946ad48e6c000d',18,1,49.00)
INSERT INTO COMMERCIALDOCUMENT_DETAILS VALUES('4028cb00946ac3f001946ad48e6c000d',19,1,299.00)
INSERT INTO COMMERCIALDOCUMENT_DETAILS VALUES('4028cb00946ac3f001946ad48e6c000d',7,1,1250.00)
COMMIT
/*C6*/SET SCHEMA PUBLIC
DISCONNECT
